RAM Allocation
Variable                                                          Address   Size
--------------------------------------------------------------------------------
R1                                                                0x0160       1
R2                                                                0x0161       1
R21                                                               0x0162       1
R3                                                                0x0163       1
R4                                                                0x0164       1
R41                                                               0x0165       1

EEPROM Allocation
Variable                                                          Address   Size
--------------------------------------------------------------------------------
time_eep                                                          0x0000       2

Register Allocation
Variable                                                          Register  Size
--------------------------------------------------------------------------------
time                                                              R4,R5        2
